AR demodulator dem_a /home/piotr/workspace/PUL/PUL_SDR/ISE/PUL_SDR_r/SW_defined_radio.vhd sub00/vhpl21 1463660688
EN dac_top NULL /home/piotr/workspace/PUL/PUL_SDR/ISE/PUL_SDR_r/DAC_TOP.vhd sub00/vhpl08 1463345112
EN phase_accumulator NULL /home/piotr/workspace/PUL/PUL_SDR/ISE/PUL_SDR_r/Phase_accumulator.vhd sub00/vhpl16 1463660681
EN dac_control NULL /home/piotr/workspace/PUL/PUL_SDR/ISE/PUL_SDR_r/DAC_Control.vhd sub00/vhpl02 1463345106
AR clk_prescaler presc_a /home/piotr/workspace/PUL/PUL_SDR/ISE/PUL_SDR_r/clk_prescaler.vhd sub00/vhpl01 1463660686
AR phase_accumulator pha_a /home/piotr/workspace/PUL/PUL_SDR/ISE/PUL_SDR_r/Phase_accumulator.vhd sub00/vhpl17 1463660682
EN bypass NULL /home/piotr/workspace/PUL/PUL_SDR/ISE/PUL_SDR_r/bypass.vhd sub00/vhpl10 1463345114
EN adc_control NULL /home/piotr/workspace/PUL/PUL_SDR/ISE/PUL_SDR_r/ADC_control.vhd sub00/vhpl04 1463345108
EN nco NULL /home/piotr/workspace/PUL/PUL_SDR/ISE/PUL_SDR_r/NCO.vhd sub00/vhpl18 1463660683
EN demodulator NULL /home/piotr/workspace/PUL/PUL_SDR/ISE/PUL_SDR_r/SW_defined_radio.vhd sub00/vhpl20 1463660687
AR sin_lut sin_lut_a /home/piotr/workspace/PUL/PUL_SDR/ISE/PUL_SDR_r/sin_LUT.vhd sub00/vhpl15 1463660680
AR nco nco_a /home/piotr/workspace/PUL/PUL_SDR/ISE/PUL_SDR_r/NCO.vhd sub00/vhpl19 1463660684
AR adc_top adc_top_a /home/piotr/workspace/PUL/PUL_SDR/ISE/PUL_SDR_r/ADC_TOP.vhd sub00/vhpl07 1463345111
AR dac_top dac /home/piotr/workspace/PUL/PUL_SDR/ISE/PUL_SDR_r/DAC_TOP.vhd sub00/vhpl09 1463345113
PB sin_lut_pkg sin_lut_pkg /home/piotr/workspace/PUL/PUL_SDR/ISE/PUL_SDR_r/sin_lut_pkg.vhd sub00/vhpl13 1463660678
AR bypass bypass_a /home/piotr/workspace/PUL/PUL_SDR/ISE/PUL_SDR_r/bypass.vhd sub00/vhpl11 1463345115
EN clk_prescaler NULL /home/piotr/workspace/PUL/PUL_SDR/ISE/PUL_SDR_r/clk_prescaler.vhd sub00/vhpl00 1463660685
EN sin_lut NULL /home/piotr/workspace/PUL/PUL_SDR/ISE/PUL_SDR_r/sin_LUT.vhd sub00/vhpl14 1463660679
EN adc_top NULL /home/piotr/workspace/PUL/PUL_SDR/ISE/PUL_SDR_r/ADC_TOP.vhd sub00/vhpl06 1463345110
AR adc_control adcca /home/piotr/workspace/PUL/PUL_SDR/ISE/PUL_SDR_r/ADC_control.vhd sub00/vhpl05 1463345109
AR dac_control dac_control /home/piotr/workspace/PUL/PUL_SDR/ISE/PUL_SDR_r/DAC_Control.vhd sub00/vhpl03 1463345107
PH sin_lut_pkg NULL /home/piotr/workspace/PUL/PUL_SDR/ISE/PUL_SDR_r/sin_lut_pkg.vhd sub00/vhpl12 1463660677
